#
# There is insufficient memory for the Java Runtime Environment to continue.
# Native memory allocation (mmap) failed to map 266338304 bytes for G1 virtual space
# Possible reasons:
#   The system is out of physical RAM or swap space
#   The process is running with CompressedOops enabled, and the Java Heap may be blocking the growth of the native heap
# Possible solutions:
#   Reduce memory load on the system
#   Increase physical memory or swap space
#   Check if swap backing store is full
#   Decrease Java heap size (-Xmx/-Xms)
#   Decrease number of Java threads
#   Decrease Java thread stack sizes (-Xss)
#   Set larger code cache with -XX:ReservedCodeCacheSize=
#   JVM is running with Zero Based Compressed Oops mode in which the Java heap is
#     placed in the first 32GB address space. The Java Heap base address is the
#     maximum limit for the native heap growth. Please use -XX:HeapBaseMinAddress
#     to set the Java Heap base and to place the Java Heap above 32GB virtual address.
# This output file may be truncated or incomplete.
#
#  Out of Memory Error (os_windows.cpp:3600), pid=4716, tid=8924
#
# JRE version:  (21.0.2+13) (build )
# Java VM: Java HotSpot(TM) 64-Bit Server VM (21.0.2+13-LTS-58, mixed mode, sharing, tiered, compressed oops, compressed class ptrs, g1 gc, windows-amd64)
# No core dump will be written. Minidumps are not enabled by default on client versions of Windows
#

---------------  S U M M A R Y ------------

Command Line: -javaagent:D:\JetBrains\IntelliJ IDEA 2023.3.4\lib\idea_rt.jar=53884:D:\JetBrains\IntelliJ IDEA 2023.3.4\bin -Dfile.encoding=UTF-8 -Dsun.stdout.encoding=UTF-8 -Dsun.stderr.encoding=UTF-8 org.versechorusverse.Main

Host: Intel(R) Core(TM) i7-9750H CPU @ 2.60GHz, 12 cores, 15G,  Windows 10 , 64 bit Build 19041 (10.0.19041.4842)
Time: Sun Oct  6 03:23:14 2024 Turkey Standard Time elapsed time: 0.010186 seconds (0d 0h 0m 0s)

---------------  T H R E A D  ---------------

Current thread (0x000001d437eaa8f0):  JavaThread "Unknown thread" [_thread_in_vm, id=8924, stack(0x000000aa4e000000,0x000000aa4e100000) (1024K)]

Stack: [0x000000aa4e000000,0x000000aa4e100000]
Native frames: (J=compiled Java code, j=interpreted, Vv=VM code, C=native code)
V  [jvm.dll+0x6cade9]
V  [jvm.dll+0x8569c1]
V  [jvm.dll+0x858d2e]
V  [jvm.dll+0x859413]
V  [jvm.dll+0x280e56]
V  [jvm.dll+0x6c74d5]
V  [jvm.dll+0x6bbeca]
V  [jvm.dll+0x355bca]
V  [jvm.dll+0x35d816]
V  [jvm.dll+0x3ae67e]
V  [jvm.dll+0x3ae928]
V  [jvm.dll+0x3295dc]
V  [jvm.dll+0x32a16b]
V  [jvm.dll+0x81efa9]
V  [jvm.dll+0x3bba01]
V  [jvm.dll+0x807928]
V  [jvm.dll+0x44f50e]
V  [jvm.dll+0x450e11]
C  [jli.dll+0x52a3]
C  [ucrtbase.dll+0x21bb2]
C  [KERNEL32.DLL+0x17374]
C  [ntdll.dll+0x4cc91]


---------------  P R O C E S S  ---------------

Threads class SMR info:
_java_thread_list=0x00007ff94ebfbb88, length=0, elements={
}

Java Threads: ( => current thread )
Total: 0

Other Threads:
  0x000001d437f12d90 WorkerThread "GC Thread#0"                     [id=11616, stack(0x000000aa4e100000,0x000000aa4e200000) (1024K)]
  0x000001d437f24b00 ConcurrentGCThread "G1 Main Marker"            [id=19316, stack(0x000000aa4e200000,0x000000aa4e300000) (1024K)]
  0x000001d437f25bb0 WorkerThread "G1 Conc#0"                       [id=16016, stack(0x000000aa4e300000,0x000000aa4e400000) (1024K)]

[error occurred during error reporting (printing all threads), id 0xc0000005, EXCEPTION_ACCESS_VIOLATION (0xc0000005) at pc=0x00007ff94e36c6a7]
VM state: not at safepoint (not fully initialized)

VM Mutex/Monitor currently owned by a thread:  ([mutex/lock_event])
[0x00007ff94ec6ce68] Heap_lock - owner thread: 0x000001d437eaa8f0

Heap address: 0x0000000702400000, size: 4060 MB, Compressed Oops mode: Zero based, Oop shift amount: 3

CDS archive(s) mapped at: [0x0000000000000000-0x0000000000000000-0x0000000000000000), size 0, SharedBaseAddress: 0x0000000800000000, ArchiveRelocationMode: 1.
Narrow klass base: 0x0000000000000000, Narrow klass shift: 0, Narrow klass range: 0x0

GC Precious Log:
 CardTable entry size: 512
 Card Set container configuration: InlinePtr #cards 4 size 8 Array Of Cards #cards 16 size 48 Howl #buckets 8 coarsen threshold 3686 Howl Bitmap #cards 512 size 80 coarsen threshold 460 Card regions per heap region 1 cards per card region 4096

Heap:
 garbage-first heap   total 0K, used 0K [0x0000000702400000, 0x0000000800000000)
  region size 2048K, 0 young (0K), 0 survivors (0K)

[error occurred during error reporting (printing heap information), id 0xc0000005, EXCEPTION_ACCESS_VIOLATION (0xc0000005) at pc=0x00007ff94e7539f9]
GC Heap History (0 events):
No events

Dll operation events (1 events):
Event: 0.006 Loaded shared library C:\Program Files\Java\jdk-21\bin\java.dll

Deoptimization events (0 events):
No events

Classes loaded (0 events):
No events

Classes unloaded (0 events):
No events

Classes redefined (0 events):
No events

Internal exceptions (0 events):
No events

ZGC Phase Switch (0 events):
No events

VM Operations (0 events):
No events

Events (0 events):
No events


Dynamic libraries:
0x00007ff7945a0000 - 0x00007ff7945b0000 	C:\Program Files\Java\jdk-21\bin\java.exe
0x00007ff9dd410000 - 0x00007ff9dd608000 	C:\Windows\SYSTEM32\ntdll.dll
0x00007ff9dd230000 - 0x00007ff9dd2f1000 	C:\Windows\System32\KERNEL32.DLL
0x00007ff9dac50000 - 0x00007ff9daf4d000 	C:\Windows\System32\KERNELBASE.dll
0x00007ff9db2f0000 - 0x00007ff9db3f0000 	C:\Windows\System32\ucrtbase.dll
0x00007ff9ce020000 - 0x00007ff9ce039000 	C:\Program Files\Java\jdk-21\bin\jli.dll
0x00007ff99f5f0000 - 0x00007ff99f60b000 	C:\Program Files\Java\jdk-21\bin\VCRUNTIME140.dll
0x00007ff9db4f0000 - 0x00007ff9db5a0000 	C:\Windows\System32\ADVAPI32.dll
0x00007ff9dd330000 - 0x00007ff9dd3ce000 	C:\Windows\System32\msvcrt.dll
0x00007ff9db6e0000 - 0x00007ff9db780000 	C:\Windows\System32\sechost.dll
0x00007ff9dc590000 - 0x00007ff9dc6b3000 	C:\Windows\System32\RPCRT4.dll
0x00007ff9db2c0000 - 0x00007ff9db2e7000 	C:\Windows\System32\bcrypt.dll
0x00007ff9dc230000 - 0x00007ff9dc3cd000 	C:\Windows\System32\USER32.dll
0x00007ff9daac0000 - 0x00007ff9daae2000 	C:\Windows\System32\win32u.dll
0x00007ff9caee0000 - 0x00007ff9cb17a000 	C:\Windows\WinSxS\amd64_microsoft.windows.common-controls_6595b64144ccf1df_6.0.19041.4355_none_60b8b9eb71f62e16\COMCTL32.dll
0x00007ff9dd300000 - 0x00007ff9dd32b000 	C:\Windows\System32\GDI32.dll
0x00007ff9db100000 - 0x00007ff9db217000 	C:\Windows\System32\gdi32full.dll
0x00007ff9db220000 - 0x00007ff9db2bd000 	C:\Windows\System32\msvcp_win.dll
0x00007ff9d7050000 - 0x00007ff9d705a000 	C:\Windows\SYSTEM32\VERSION.dll
0x00007ff9db630000 - 0x00007ff9db65f000 	C:\Windows\System32\IMM32.DLL
0x00007ff9ce010000 - 0x00007ff9ce01c000 	C:\Program Files\Java\jdk-21\bin\vcruntime140_1.dll
0x00007ff95bdb0000 - 0x00007ff95be3e000 	C:\Program Files\Java\jdk-21\bin\msvcp140.dll
0x00007ff94e030000 - 0x00007ff94ed47000 	C:\Program Files\Java\jdk-21\bin\server\jvm.dll
0x00007ff9dc4b0000 - 0x00007ff9dc51b000 	C:\Windows\System32\WS2_32.dll
0x00007ff9da050000 - 0x00007ff9da09b000 	C:\Windows\SYSTEM32\POWRPROF.dll
0x00007ff9ca130000 - 0x00007ff9ca157000 	C:\Windows\SYSTEM32\WINMM.dll
0x00007ff9d9ec0000 - 0x00007ff9d9ed2000 	C:\Windows\SYSTEM32\UMPDC.dll
0x00007ff9d8940000 - 0x00007ff9d8952000 	C:\Windows\SYSTEM32\kernel.appcore.dll
0x00007ff9c5520000 - 0x00007ff9c552a000 	C:\Program Files\Java\jdk-21\bin\jimage.dll
0x00007ff9c8ca0000 - 0x00007ff9c8e84000 	C:\Windows\SYSTEM32\DBGHELP.DLL
0x00007ff9cabf0000 - 0x00007ff9cac24000 	C:\Windows\SYSTEM32\dbgcore.DLL
0x00007ff9dafc0000 - 0x00007ff9db042000 	C:\Windows\System32\bcryptPrimitives.dll
0x00007ff9d63a0000 - 0x00007ff9d63af000 	C:\Program Files\Java\jdk-21\bin\instrument.dll
0x00007ff9975a0000 - 0x00007ff9975bf000 	C:\Program Files\Java\jdk-21\bin\java.dll

dbghelp: loaded successfully - version: 4.0.5 - missing functions: none
symbol engine: initialized successfully - sym options: 0x614 - pdb path: .;C:\Program Files\Java\jdk-21\bin;C:\Windows\SYSTEM32;C:\Windows\WinSxS\amd64_microsoft.windows.common-controls_6595b64144ccf1df_6.0.19041.4355_none_60b8b9eb71f62e16;C:\Program Files\Java\jdk-21\bin\server

VM Arguments:
jvm_args: -javaagent:D:\JetBrains\IntelliJ IDEA 2023.3.4\lib\idea_rt.jar=53884:D:\JetBrains\IntelliJ IDEA 2023.3.4\bin -Dfile.encoding=UTF-8 -Dsun.stdout.encoding=UTF-8 -Dsun.stderr.encoding=UTF-8 
java_command: org.versechorusverse.Main
java_class_path (initial): C:\Users\kerem\OneDrive\Masaüstü\selection\verseChorusVerse\verseChorusVerse\target\classes
Launcher Type: SUN_STANDARD

[Global flags]
     intx CICompilerCount                          = 4                                         {product} {ergonomic}
     uint ConcGCThreads                            = 3                                         {product} {ergonomic}
     uint G1ConcRefinementThreads                  = 10                                        {product} {ergonomic}
   size_t G1HeapRegionSize                         = 2097152                                   {product} {ergonomic}
    uintx GCDrainStackTargetSize                   = 64                                        {product} {ergonomic}
   size_t InitialHeapSize                          = 266338304                                 {product} {ergonomic}
   size_t MarkStackSize                            = 4194304                                   {product} {ergonomic}
   size_t MaxHeapSize                              = 4257218560                                {product} {ergonomic}
   size_t MinHeapDeltaBytes                        = 2097152                                   {product} {ergonomic}
   size_t MinHeapSize                              = 8388608                                   {product} {ergonomic}
    uintx NonNMethodCodeHeapSize                   = 5839372                                {pd product} {ergonomic}
    uintx NonProfiledCodeHeapSize                  = 122909434                              {pd product} {ergonomic}
    uintx ProfiledCodeHeapSize                     = 122909434                              {pd product} {ergonomic}
    uintx ReservedCodeCacheSize                    = 251658240                              {pd product} {ergonomic}
     bool SegmentedCodeCache                       = true                                      {product} {ergonomic}
   size_t SoftMaxHeapSize                          = 4257218560                             {manageable} {ergonomic}
     bool UseCompressedOops                        = true                           {product lp64_product} {ergonomic}
     bool UseG1GC                                  = true                                      {product} {ergonomic}
     bool UseLargePagesIndividualAllocation        = false                                  {pd product} {ergonomic}

Logging:
Log output configuration:
 #0: stdout all=warning uptime,level,tags foldmultilines=false
 #1: stderr all=off uptime,level,tags foldmultilines=false

Environment Variables:
PATH=C:\Program Files\Common Files\Oracle\Java\javapath;C:\Windows\system32;C:\Windows;C:\Windows\System32\Wbem;C:\Windows\System32\WindowsPowerShell\v1.0\;C:\Windows\System32\OpenSSH\;C:\Program Files (x86)\NVIDIA Corporation\PhysX\Common;C:\Program Files (x86)\Intel\Intel(R) Management Engine Components\DAL;C:\Program Files\Intel\Intel(R) Management Engine Components\DAL;C:\Program Files\Intel\WiFi\bin\;C:\Program Files\Common Files\Intel\WirelessCommon\;C:\Program Files\NVIDIA Corporation\NVIDIA NvDLISR;C:\mingw64\bin;C:\Program Files\nodejs\;C:\Users\kerem\AppData\Local\Programs\Python\Python312;C:\Users\kerem\AppData\Local\Programs\Python\Python312\Scripts;D:\Git\cmd;C:\Program Files\Microsoft SQL Server\150\Tools\Binn\;C:\Program Files\Microsoft SQL Server\Client SDK\ODBC\170\Tools\Binn\;C:\Program Files\dotnet\;C:\Users\kerem\AppData\Local\Programs\Python\Launcher\;C:\Users\kerem\AppData\Local\Microsoft\WindowsApps;C:\Program Files\Intel\WiFi\bin\;C:\Program Files\Common Files\Intel\WirelessCommon\;C:\Users\kerem\AppData\Local\Programs\Microsoft VS Code\bin;C:\src\flutter\bin;C:\Users\kerem\AppData\Roaming\npm;D:\JetBrains\IntelliJ IDEA 2023.3.4\bin;;C:\Users\kerem\.dotnet\tools;C:\Users\kerem\AppData\Local\Muse Hub\lib
USERNAME=kerem
OS=Windows_NT
PROCESSOR_IDENTIFIER=Intel64 Family 6 Model 158 Stepping 10, GenuineIntel
TMP=C:\Users\kerem\AppData\Local\Temp
TEMP=C:\Users\kerem\AppData\Local\Temp




Periodic native trim disabled

---------------  S Y S T E M  ---------------

OS:
 Windows 10 , 64 bit Build 19041 (10.0.19041.4842)
OS uptime: 2 days 15:56 hours

CPU: total 12 (initial active 12) (6 cores per cpu, 2 threads per core) family 6 model 158 stepping 10 microcode 0xb4, cx8, cmov, fxsr, ht, mmx, 3dnowpref, sse, sse2, sse3, ssse3, sse4.1, sse4.2, popcnt, lzcnt, tsc, tscinvbit, avx, avx2, aes, erms, clmul, bmi1, bmi2, adx, fma, vzeroupper, clflush, clflushopt, rdtscp, f16c
Processor Information for all 12 processors :
  Max Mhz: 2601, Current Mhz: 2601, Mhz Limit: 2601

Memory: 4k page, system-wide physical 16239M (2118M free)
TotalPageFile size 25982M (AvailPageFile size 92M)
current process WorkingSet (physical memory assigned to process): 10M, peak: 10M
current process commit charge ("private bytes"): 64M, peak: 318M

vm_info: Java HotSpot(TM) 64-Bit Server VM (21.0.2+13-LTS-58) for windows-amd64 JRE (21.0.2+13-LTS-58), built on 2024-01-05T18:32:24Z by "mach5one" with MS VC++ 17.1 (VS2022)

END.
